============================= test session starts =============================
platform win32 -- Python 3.13.2, pytest-8.3.4, pluggy-1.6.0
rootdir: C:\Users\harsh\Desktop\ET-Hackathon_AI-Industrial-Brain_harshpmodi
plugins: anyio-4.10.0, hypothesis-6.156.6, langsmith-0.10.0
collected 1 item

tests\unit\adapters\test_batch_ingestion_error_isolation_pbt.py .        [100%]

============================== 1 passed in 0.49s ==============================
